------------------------------------------------------------
Timing Analyzer Summary
------------------------------------------------------------

Type  : Slow 1200mV 85C Model Setup 'iCLOCK_50MHz'
Slack : -5.945
TNS   : -267.570

Type  : Slow 1200mV 85C Model Setup 'ClockScaler:ClockScaler_iID0003|oSClk'
Slack : -2.856
TNS   : -19.797

Type  : Slow 1200mV 85C Model Setup 'ClockScaler:ClockScaler_iID0003|nAutoReset'
Slack : -1.532
TNS   : -3.018

Type  : Slow 1200mV 85C Model Hold 'iCLOCK_50MHz'
Slack : 0.348
TNS   : 0.000

Type  : Slow 1200mV 85C Model Hold 'ClockScaler:ClockScaler_iID0003|oSClk'
Slack : 0.660
TNS   : 0.000

Type  : Slow 1200mV 85C Model Hold 'ClockScaler:ClockScaler_iID0003|nAutoReset'
Slack : 0.803
TNS   : 0.000

Type  : Slow 1200mV 85C Model Recovery 'ClockScaler:ClockScaler_iID0003|oSClk'
Slack : -1.253
TNS   : -10.024

Type  : Slow 1200mV 85C Model Recovery 'iCLOCK_50MHz'
Slack : 0.517
TNS   : 0.000

Type  : Slow 1200mV 85C Model Removal 'iCLOCK_50MHz'
Slack : -0.559
TNS   : -31.809

Type  : Slow 1200mV 85C Model Removal 'ClockScaler:ClockScaler_iID0003|oSClk'
Slack : 1.674
TNS   : 0.000

Type  : Slow 1200mV 85C Model Minimum Pulse Width 'iCLOCK_50MHz'
Slack : -3.000
TNS   : -130.673

Type  : Slow 1200mV 85C Model Minimum Pulse Width 'ClockScaler:ClockScaler_iID0003|oSClk'
Slack : -1.403
TNS   : -11.224

Type  : Slow 1200mV 85C Model Minimum Pulse Width 'ClockScaler:ClockScaler_iID0003|nAutoReset'
Slack : 0.409
TNS   : 0.000

Type  : Slow 1200mV 0C Model Setup 'iCLOCK_50MHz'
Slack : -5.436
TNS   : -238.327

Type  : Slow 1200mV 0C Model Setup 'ClockScaler:ClockScaler_iID0003|oSClk'
Slack : -2.546
TNS   : -17.461

Type  : Slow 1200mV 0C Model Setup 'ClockScaler:ClockScaler_iID0003|nAutoReset'
Slack : -1.333
TNS   : -2.630

Type  : Slow 1200mV 0C Model Hold 'iCLOCK_50MHz'
Slack : 0.312
TNS   : 0.000

Type  : Slow 1200mV 0C Model Hold 'ClockScaler:ClockScaler_iID0003|oSClk'
Slack : 0.612
TNS   : 0.000

Type  : Slow 1200mV 0C Model Hold 'ClockScaler:ClockScaler_iID0003|nAutoReset'
Slack : 0.760
TNS   : 0.000

Type  : Slow 1200mV 0C Model Recovery 'ClockScaler:ClockScaler_iID0003|oSClk'
Slack : -1.056
TNS   : -8.448

Type  : Slow 1200mV 0C Model Recovery 'iCLOCK_50MHz'
Slack : 0.561
TNS   : 0.000

Type  : Slow 1200mV 0C Model Removal 'iCLOCK_50MHz'
Slack : -0.535
TNS   : -30.398

Type  : Slow 1200mV 0C Model Removal 'ClockScaler:ClockScaler_iID0003|oSClk'
Slack : 1.554
TNS   : 0.000

Type  : Slow 1200mV 0C Model Minimum Pulse Width 'iCLOCK_50MHz'
Slack : -3.000
TNS   : -130.673

Type  : Slow 1200mV 0C Model Minimum Pulse Width 'ClockScaler:ClockScaler_iID0003|oSClk'
Slack : -1.403
TNS   : -11.224

Type  : Slow 1200mV 0C Model Minimum Pulse Width 'ClockScaler:ClockScaler_iID0003|nAutoReset'
Slack : 0.446
TNS   : 0.000

Type  : Fast 1200mV 0C Model Setup 'iCLOCK_50MHz'
Slack : -2.031
TNS   : -79.364

Type  : Fast 1200mV 0C Model Setup 'ClockScaler:ClockScaler_iID0003|oSClk'
Slack : -0.619
TNS   : -3.424

Type  : Fast 1200mV 0C Model Setup 'ClockScaler:ClockScaler_iID0003|nAutoReset'
Slack : -0.132
TNS   : -0.244

Type  : Fast 1200mV 0C Model Hold 'iCLOCK_50MHz'
Slack : 0.099
TNS   : 0.000

Type  : Fast 1200mV 0C Model Hold 'ClockScaler:ClockScaler_iID0003|oSClk'
Slack : 0.257
TNS   : 0.000

Type  : Fast 1200mV 0C Model Hold 'ClockScaler:ClockScaler_iID0003|nAutoReset'
Slack : 0.366
TNS   : 0.000

Type  : Fast 1200mV 0C Model Recovery 'ClockScaler:ClockScaler_iID0003|oSClk'
Slack : -0.076
TNS   : -0.608

Type  : Fast 1200mV 0C Model Recovery 'iCLOCK_50MHz'
Slack : 0.438
TNS   : 0.000

Type  : Fast 1200mV 0C Model Removal 'iCLOCK_50MHz'
Slack : -0.288
TNS   : -16.354

Type  : Fast 1200mV 0C Model Removal 'ClockScaler:ClockScaler_iID0003|oSClk'
Slack : 0.737
TNS   : 0.000

Type  : Fast 1200mV 0C Model Minimum Pulse Width 'iCLOCK_50MHz'
Slack : -3.000
TNS   : -97.063

Type  : Fast 1200mV 0C Model Minimum Pulse Width 'ClockScaler:ClockScaler_iID0003|oSClk'
Slack : -1.000
TNS   : -8.000

Type  : Fast 1200mV 0C Model Minimum Pulse Width 'ClockScaler:ClockScaler_iID0003|nAutoReset'
Slack : 0.402
TNS   : 0.000

------------------------------------------------------------
