Analysis & Synthesis report for circuito_02
Tue Jun 17 14:48:25 2025
Quartus Prime Version 23.1std.1 Build 993 05/14/2024 SC Lite Edition


---------------------
; Table of Contents ;
---------------------
  1. Legal Notice
  2. Analysis & Synthesis Summary
  3. Analysis & Synthesis Settings
  4. Parallel Compilation
  5. Analysis & Synthesis Source Files Read
  6. Analysis & Synthesis Resource Usage Summary
  7. Analysis & Synthesis Resource Utilization by Entity
  8. Registers Removed During Synthesis
  9. General Register Statistics
 10. Inverted Register Statistics
 11. Multiplexer Restructuring Statistics (Restructuring Performed)
 12. Port Connectivity Checks: "CounterUDE8:C002"
 13. Port Connectivity Checks: "ClockScaler:ClockScaler_iID0003"
 14. Post-Synthesis Netlist Statistics for Top Partition
 15. Elapsed Time Per Partition
 16. Analysis & Synthesis Messages



----------------
; Legal Notice ;
----------------
Copyright (C) 2024  Intel Corporation. All rights reserved.
Your use of Intel Corporation's design tools, logic functions 
and other software and tools, and any partner logic 
functions, and any output files from any of the foregoing 
(including device programming or simulation files), and any 
associated documentation or information are expressly subject 
to the terms and conditions of the Intel Program License 
Subscription Agreement, the Intel Quartus Prime License Agreement,
the Intel FPGA IP License Agreement, or other applicable license
agreement, including, without limitation, that your use is for
the sole purpose of programming logic devices manufactured by
Intel and sold by Intel or its authorized distributors.  Please
refer to the applicable agreement for further details, at
https://fpgasoftware.intel.com/eula.



+-------------------------------------------------------------------------------------+
; Analysis & Synthesis Summary                                                        ;
+------------------------------------+------------------------------------------------+
; Analysis & Synthesis Status        ; Successful - Tue Jun 17 14:48:25 2025          ;
; Quartus Prime Version              ; 23.1std.1 Build 993 05/14/2024 SC Lite Edition ;
; Revision Name                      ; circuito_02                                    ;
; Top-level Entity Name              ; circuito_02                                    ;
; Family                             ; MAX 10                                         ;
; Total logic elements               ; 293                                            ;
;     Total combinational functions  ; 260                                            ;
;     Dedicated logic registers      ; 99                                             ;
; Total registers                    ; 99                                             ;
; Total pins                         ; 62                                             ;
; Total virtual pins                 ; 0                                              ;
; Total memory bits                  ; 0                                              ;
; Embedded Multiplier 9-bit elements ; 0                                              ;
; Total PLLs                         ; 0                                              ;
; UFM blocks                         ; 0                                              ;
; ADC blocks                         ; 0                                              ;
+------------------------------------+------------------------------------------------+


+------------------------------------------------------------------------------------------------------------+
; Analysis & Synthesis Settings                                                                              ;
+------------------------------------------------------------------+--------------------+--------------------+
; Option                                                           ; Setting            ; Default Value      ;
+------------------------------------------------------------------+--------------------+--------------------+
; Device                                                           ; 10M50DAF484C7G     ;                    ;
; Top-level entity name                                            ; circuito_02        ; circuito_02        ;
; Family name                                                      ; MAX 10             ; Cyclone V          ;
; Use smart compilation                                            ; Off                ; Off                ;
; Enable parallel Assembler and Timing Analyzer during compilation ; On                 ; On                 ;
; Enable compact report table                                      ; Off                ; Off                ;
; Restructure Multiplexers                                         ; Auto               ; Auto               ;
; Create Debugging Nodes for IP Cores                              ; Off                ; Off                ;
; Preserve fewer node names                                        ; On                 ; On                 ;
; Intel FPGA IP Evaluation Mode                                    ; Enable             ; Enable             ;
; Verilog Version                                                  ; Verilog_2001       ; Verilog_2001       ;
; VHDL Version                                                     ; VHDL_1993          ; VHDL_1993          ;
; State Machine Processing                                         ; Auto               ; Auto               ;
; Safe State Machine                                               ; Off                ; Off                ;
; Extract Verilog State Machines                                   ; On                 ; On                 ;
; Extract VHDL State Machines                                      ; On                 ; On                 ;
; Ignore Verilog initial constructs                                ; Off                ; Off                ;
; Iteration limit for constant Verilog loops                       ; 5000               ; 5000               ;
; Iteration limit for non-constant Verilog loops                   ; 250                ; 250                ;
; Add Pass-Through Logic to Inferred RAMs                          ; On                 ; On                 ;
; Infer RAMs from Raw Logic                                        ; On                 ; On                 ;
; Parallel Synthesis                                               ; On                 ; On                 ;
; DSP Block Balancing                                              ; Auto               ; Auto               ;
; NOT Gate Push-Back                                               ; On                 ; On                 ;
; Power-Up Don't Care                                              ; On                 ; On                 ;
; Remove Redundant Logic Cells                                     ; Off                ; Off                ;
; Remove Duplicate Registers                                       ; On                 ; On                 ;
; Ignore CARRY Buffers                                             ; Off                ; Off                ;
; Ignore CASCADE Buffers                                           ; Off                ; Off                ;
; Ignore GLOBAL Buffers                                            ; Off                ; Off                ;
; Ignore ROW GLOBAL Buffers                                        ; Off                ; Off                ;
; Ignore LCELL Buffers                                             ; Off                ; Off                ;
; Ignore SOFT Buffers                                              ; On                 ; On                 ;
; Limit AHDL Integers to 32 Bits                                   ; Off                ; Off                ;
; Optimization Technique                                           ; Balanced           ; Balanced           ;
; Carry Chain Length                                               ; 70                 ; 70                 ;
; Auto Carry Chains                                                ; On                 ; On                 ;
; Auto Open-Drain Pins                                             ; On                 ; On                 ;
; Perform WYSIWYG Primitive Resynthesis                            ; Off                ; Off                ;
; Auto ROM Replacement                                             ; On                 ; On                 ;
; Auto RAM Replacement                                             ; On                 ; On                 ;
; Auto DSP Block Replacement                                       ; On                 ; On                 ;
; Auto Shift Register Replacement                                  ; Auto               ; Auto               ;
; Allow Shift Register Merging across Hierarchies                  ; Auto               ; Auto               ;
; Auto Clock Enable Replacement                                    ; On                 ; On                 ;
; Strict RAM Replacement                                           ; Off                ; Off                ;
; Allow Synchronous Control Signals                                ; On                 ; On                 ;
; Force Use of Synchronous Clear Signals                           ; Off                ; Off                ;
; Auto RAM Block Balancing                                         ; On                 ; On                 ;
; Auto RAM to Logic Cell Conversion                                ; Off                ; Off                ;
; Auto Resource Sharing                                            ; Off                ; Off                ;
; Allow Any RAM Size For Recognition                               ; Off                ; Off                ;
; Allow Any ROM Size For Recognition                               ; Off                ; Off                ;
; Allow Any Shift Register Size For Recognition                    ; Off                ; Off                ;
; Use LogicLock Constraints during Resource Balancing              ; On                 ; On                 ;
; Ignore translate_off and synthesis_off directives                ; Off                ; Off                ;
; Timing-Driven Synthesis                                          ; On                 ; On                 ;
; Report Parameter Settings                                        ; On                 ; On                 ;
; Report Source Assignments                                        ; On                 ; On                 ;
; Report Connectivity Checks                                       ; On                 ; On                 ;
; Ignore Maximum Fan-Out Assignments                               ; Off                ; Off                ;
; Synchronization Register Chain Length                            ; 2                  ; 2                  ;
; Power Optimization During Synthesis                              ; Normal compilation ; Normal compilation ;
; HDL message level                                                ; Level2             ; Level2             ;
; Suppress Register Optimization Related Messages                  ; Off                ; Off                ;
; Number of Removed Registers Reported in Synthesis Report         ; 5000               ; 5000               ;
; Number of Swept Nodes Reported in Synthesis Report               ; 5000               ; 5000               ;
; Number of Inverted Registers Reported in Synthesis Report        ; 100                ; 100                ;
; Clock MUX Protection                                             ; On                 ; On                 ;
; Auto Gated Clock Conversion                                      ; Off                ; Off                ;
; Block Design Naming                                              ; Auto               ; Auto               ;
; SDC constraint protection                                        ; Off                ; Off                ;
; Synthesis Effort                                                 ; Auto               ; Auto               ;
; Shift Register Replacement - Allow Asynchronous Clear Signal     ; On                 ; On                 ;
; Pre-Mapping Resynthesis Optimization                             ; Off                ; Off                ;
; Analysis & Synthesis Message Level                               ; Medium             ; Medium             ;
; Disable Register Merging Across Hierarchies                      ; Auto               ; Auto               ;
; Resource Aware Inference For Block RAM                           ; On                 ; On                 ;
+------------------------------------------------------------------+--------------------+--------------------+


+------------------------------------------+
; Parallel Compilation                     ;
+----------------------------+-------------+
; Processors                 ; Number      ;
+----------------------------+-------------+
; Number detected on machine ; 8           ;
; Maximum allowed            ; 4           ;
;                            ;             ;
; Average used               ; 1.00        ;
; Maximum used               ; 4           ;
;                            ;             ;
; Usage by Processor         ; % Time Used ;
;     Processor 1            ; 100.0%      ;
;     Processors 2-4         ;   0.0%      ;
+----------------------------+-------------+


+--------------------------------------------------------------------------------------------------------------------------------------------------------------------------------------------------+
; Analysis & Synthesis Source Files Read                                                                                                                                                           ;
+----------------------------------+-----------------+-----------------+-----------------------------------------------------------------------------------------------------------------+---------+
; File Name with User-Entered Path ; Used in Netlist ; File Type       ; File Name with Absolute Path                                                                                    ; Library ;
+----------------------------------+-----------------+-----------------+-----------------------------------------------------------------------------------------------------------------+---------+
; Components.vhd                   ; yes             ; User VHDL File  ; C:/Projetos/Engenharia-de-Computacao/Disciplinas/Eletronica_Digital/Deeds/circuito_02_DE10_Lite/Components.vhd  ;         ;
; circuito_02.vhd                  ; yes             ; User VHDL File  ; C:/Projetos/Engenharia-de-Computacao/Disciplinas/Eletronica_Digital/Deeds/circuito_02_DE10_Lite/circuito_02.vhd ;         ;
+----------------------------------+-----------------+-----------------+-----------------------------------------------------------------------------------------------------------------+---------+


+------------------------------------------------------------------+
; Analysis & Synthesis Resource Usage Summary                      ;
+---------------------------------------------+--------------------+
; Resource                                    ; Usage              ;
+---------------------------------------------+--------------------+
; Estimated Total logic elements              ; 293                ;
;                                             ;                    ;
; Total combinational functions               ; 260                ;
; Logic element usage by number of LUT inputs ;                    ;
;     -- 4 input functions                    ; 140                ;
;     -- 3 input functions                    ; 15                 ;
;     -- <=2 input functions                  ; 105                ;
;                                             ;                    ;
; Logic elements by mode                      ;                    ;
;     -- normal mode                          ; 197                ;
;     -- arithmetic mode                      ; 63                 ;
;                                             ;                    ;
; Total registers                             ; 99                 ;
;     -- Dedicated logic registers            ; 99                 ;
;     -- I/O registers                        ; 0                  ;
;                                             ;                    ;
; I/O pins                                    ; 62                 ;
;                                             ;                    ;
; Embedded Multiplier 9-bit elements          ; 0                  ;
;                                             ;                    ;
; Maximum fan-out node                        ; iCLOCK_50MHz~input ;
; Maximum fan-out                             ; 91                 ;
; Total fan-out                               ; 1236               ;
; Average fan-out                             ; 2.56               ;
+---------------------------------------------+--------------------+


+---------------------------------------------------------------------------------------------------------------------------------------------------------------------------------------------------------------------------------------------------------------------------------------------------------+
; Analysis & Synthesis Resource Utilization by Entity                                                                                                                                                                                                                                                     ;
+----------------------------------------------------+---------------------+---------------------------+-------------+------------+--------------+---------+-----------+------+--------------+------------+------------------------------------------------------------+-------------------+--------------+
; Compilation Hierarchy Node                         ; Combinational ALUTs ; Dedicated Logic Registers ; Memory Bits ; UFM Blocks ; DSP Elements ; DSP 9x9 ; DSP 18x18 ; Pins ; Virtual Pins ; ADC blocks ; Full Hierarchy Name                                        ; Entity Name       ; Library Name ;
+----------------------------------------------------+---------------------+---------------------------+-------------+------------+--------------+---------+-----------+------+--------------+------------+------------------------------------------------------------+-------------------+--------------+
; |circuito_02                                       ; 260 (0)             ; 99 (0)                    ; 0           ; 0          ; 0            ; 0       ; 0         ; 62   ; 0            ; 0          ; |circuito_02                                               ; circuito_02       ; work         ;
;    |AutoResetGen:AutoResetGen_inReset|             ; 6 (6)               ; 17 (17)                   ; 0           ; 0          ; 0            ; 0       ; 0         ; 0    ; 0            ; 0          ; |circuito_02|AutoResetGen:AutoResetGen_inReset             ; AutoResetGen      ; work         ;
;    |ClockScaler:ClockScaler_iID0003|               ; 162 (162)           ; 74 (74)                   ; 0           ; 0          ; 0            ; 0       ; 0         ; 0    ; 0            ; 0          ; |circuito_02|ClockScaler:ClockScaler_iID0003               ; ClockScaler       ; work         ;
;    |CounterUDE8:C002|                              ; 27 (27)             ; 8 (8)                     ; 0           ; 0          ; 0            ; 0       ; 0         ; 0    ; 0            ; 0          ; |circuito_02|CounterUDE8:C002                              ; CounterUDE8       ; work         ;
;    |ROM64x8C001:C001|                              ; 51 (51)             ; 0 (0)                     ; 0           ; 0          ; 0            ; 0       ; 0         ; 0    ; 0            ; 0          ; |circuito_02|ROM64x8C001:C001                              ; ROM64x8C001       ; work         ;
;    |SevenSegm_Decoder:SevenSegm_Decoder_oID0026_H| ; 7 (7)               ; 0 (0)                     ; 0           ; 0          ; 0            ; 0       ; 0         ; 0    ; 0            ; 0          ; |circuito_02|SevenSegm_Decoder:SevenSegm_Decoder_oID0026_H ; SevenSegm_Decoder ; work         ;
;    |SevenSegm_Decoder:SevenSegm_Decoder_oID0026_L| ; 7 (7)               ; 0 (0)                     ; 0           ; 0          ; 0            ; 0       ; 0         ; 0    ; 0            ; 0          ; |circuito_02|SevenSegm_Decoder:SevenSegm_Decoder_oID0026_L ; SevenSegm_Decoder ; work         ;
+----------------------------------------------------+---------------------+---------------------------+-------------+------------+--------------+---------+-----------+------+--------------+------------+------------------------------------------------------------+-------------------+--------------+
Note: For table entries with two numbers listed, the numbers in parentheses indicate the number of resources of the given type used by the specific entity alone. The numbers listed outside of parentheses indicate the total resources of the given type used by the specific entity and all of its sub-entities in the hierarchy.


+-----------------------------------------------------------------------------------------------+
; Registers Removed During Synthesis                                                            ;
+------------------------------------------------------+----------------------------------------+
; Register name                                        ; Reason for Removal                     ;
+------------------------------------------------------+----------------------------------------+
; ClockScaler:ClockScaler_iID0003|aButton_SHR[0..2]    ; Stuck at GND due to stuck port data_in ;
; ClockScaler:ClockScaler_iID0003|StepPulse            ; Lost fanout                            ;
; ClockScaler:ClockScaler_iID0003|\PULSE:Pulser[0..4]  ; Lost fanout                            ;
; ClockScaler:ClockScaler_iID0003|\PULSE:Stepper[0..6] ; Lost fanout                            ;
; ClockScaler:ClockScaler_iID0003|\PULSE:Pulsing       ; Lost fanout                            ;
; ClockScaler:ClockScaler_iID0003|aButton              ; Lost fanout                            ;
; ClockScaler:ClockScaler_iID0003|\PULSE:Level         ; Lost fanout                            ;
; Total Number of Removed Registers = 19               ;                                        ;
+------------------------------------------------------+----------------------------------------+


+------------------------------------------------------+
; General Register Statistics                          ;
+----------------------------------------------+-------+
; Statistic                                    ; Value ;
+----------------------------------------------+-------+
; Total registers                              ; 99    ;
; Number of registers using Synchronous Clear  ; 8     ;
; Number of registers using Synchronous Load   ; 10    ;
; Number of registers using Asynchronous Clear ; 82    ;
; Number of registers using Asynchronous Load  ; 0     ;
; Number of registers using Clock Enable       ; 44    ;
; Number of registers using Preset             ; 0     ;
+----------------------------------------------+-------+


+------------------------------------------------------+
; Inverted Register Statistics                         ;
+--------------------------------------------+---------+
; Inverted Register                          ; Fan out ;
+--------------------------------------------+---------+
; ClockScaler:ClockScaler_iID0003|aSwitch    ; 40      ;
; ClockScaler:ClockScaler_iID0003|aCount[18] ; 6       ;
; ClockScaler:ClockScaler_iID0003|aCount[13] ; 6       ;
; ClockScaler:ClockScaler_iID0003|aCount[16] ; 7       ;
; ClockScaler:ClockScaler_iID0003|aCount[4]  ; 3       ;
; ClockScaler:ClockScaler_iID0003|aCount[3]  ; 2       ;
; ClockScaler:ClockScaler_iID0003|aCount[2]  ; 2       ;
; ClockScaler:ClockScaler_iID0003|aCount[1]  ; 2       ;
; ClockScaler:ClockScaler_iID0003|aCount[0]  ; 2       ;
; Total number of inverted registers = 9     ;         ;
+--------------------------------------------+---------+


+-----------------------------------------------------------------------------------------------------------------------------------------------------------------------+
; Multiplexer Restructuring Statistics (Restructuring Performed)                                                                                                        ;
+--------------------+-----------+---------------+----------------------+------------------------+------------+---------------------------------------------------------+
; Multiplexer Inputs ; Bus Width ; Baseline Area ; Area if Restructured ; Saving if Restructured ; Registered ; Example Multiplexer Output                              ;
+--------------------+-----------+---------------+----------------------+------------------------+------------+---------------------------------------------------------+
; 4:1                ; 8 bits    ; 16 LEs        ; 16 LEs               ; 0 LEs                  ; Yes        ; |circuito_02|CounterUDE8:C002|\CountUDE8:aCnt[3]        ;
; 3:1                ; 20 bits   ; 40 LEs        ; 20 LEs               ; 20 LEs                 ; Yes        ; |circuito_02|ClockScaler:ClockScaler_iID0003|aCount[10] ;
+--------------------+-----------+---------------+----------------------+------------------------+------------+---------------------------------------------------------+


+----------------------------------------------------------------------------------------------------------------+
; Port Connectivity Checks: "CounterUDE8:C002"                                                                   ;
+------+--------+----------+-------------------------------------------------------------------------------------+
; Port ; Type   ; Severity ; Details                                                                             ;
+------+--------+----------+-------------------------------------------------------------------------------------+
; q7   ; Output ; Info     ; Connected to dangling logic. Logic that only feeds a dangling port will be removed. ;
; q6   ; Output ; Info     ; Connected to dangling logic. Logic that only feeds a dangling port will be removed. ;
; tc   ; Output ; Info     ; Connected to dangling logic. Logic that only feeds a dangling port will be removed. ;
+------+--------+----------+-------------------------------------------------------------------------------------+


+-----------------------------------------------------------------------------------------------------------------+
; Port Connectivity Checks: "ClockScaler:ClockScaler_iID0003"                                                     ;
+-------+--------+----------+-------------------------------------------------------------------------------------+
; Port  ; Type   ; Severity ; Details                                                                             ;
+-------+--------+----------+-------------------------------------------------------------------------------------+
; ih4   ; Input  ; Info     ; Stuck at VCC                                                                        ;
; ih3   ; Input  ; Info     ; Stuck at GND                                                                        ;
; ih2   ; Input  ; Info     ; Stuck at VCC                                                                        ;
; ih1   ; Input  ; Info     ; Stuck at GND                                                                        ;
; ih0   ; Input  ; Info     ; Stuck at GND                                                                        ;
; il3   ; Input  ; Info     ; Stuck at GND                                                                        ;
; il2   ; Input  ; Info     ; Stuck at GND                                                                        ;
; il1   ; Input  ; Info     ; Stuck at GND                                                                        ;
; il0   ; Input  ; Info     ; Stuck at GND                                                                        ;
; iswch ; Input  ; Info     ; Stuck at GND                                                                        ;
; ibut  ; Input  ; Info     ; Stuck at GND                                                                        ;
; oled  ; Output ; Info     ; Connected to dangling logic. Logic that only feeds a dangling port will be removed. ;
+-------+--------+----------+-------------------------------------------------------------------------------------+


+-----------------------------------------------------+
; Post-Synthesis Netlist Statistics for Top Partition ;
+-----------------------+-----------------------------+
; Type                  ; Count                       ;
+-----------------------+-----------------------------+
; boundary_port         ; 62                          ;
; cycloneiii_ff         ; 99                          ;
;     CLR               ; 53                          ;
;     CLR SLD           ; 1                           ;
;     ENA               ; 16                          ;
;     ENA CLR           ; 20                          ;
;     ENA CLR SCLR SLD  ; 8                           ;
;     SLD               ; 1                           ;
; cycloneiii_lcell_comb ; 264                         ;
;     arith             ; 63                          ;
;         2 data inputs ; 63                          ;
;     normal            ; 201                         ;
;         0 data inputs ; 2                           ;
;         1 data inputs ; 6                           ;
;         2 data inputs ; 38                          ;
;         3 data inputs ; 15                          ;
;         4 data inputs ; 140                         ;
;                       ;                             ;
; Max LUT depth         ; 8.00                        ;
; Average LUT depth     ; 4.46                        ;
+-----------------------+-----------------------------+


+-------------------------------+
; Elapsed Time Per Partition    ;
+----------------+--------------+
; Partition Name ; Elapsed Time ;
+----------------+--------------+
; Top            ; 00:00:01     ;
+----------------+--------------+


+-------------------------------+
; Analysis & Synthesis Messages ;
+-------------------------------+
Info: *******************************************************************
Info: Running Quartus Prime Analysis & Synthesis
    Info: Version 23.1std.1 Build 993 05/14/2024 SC Lite Edition
    Info: Processing started: Tue Jun 17 14:48:14 2025
Info: Command: quartus_map --read_settings_files=on --write_settings_files=off circuito_02 -c circuito_02
Warning (18236): Number of processors has not been specified which may cause overloading on shared machines.  Set the global assignment NUM_PARALLEL_PROCESSORS in your QSF to an appropriate value for best performance.
Info (20030): Parallel compilation is enabled and will use 4 of the 4 processors detected
Info (12021): Found 10 design units, including 5 entities, in source file components.vhd
    Info (12022): Found design unit 1: ROM64x8C001-behavioral File: C:/Projetos/Engenharia-de-Computacao/Disciplinas/Eletronica_Digital/Deeds/circuito_02_DE10_Lite/Components.vhd Line: 38
    Info (12022): Found design unit 2: CounterUDE8-behavioral File: C:/Projetos/Engenharia-de-Computacao/Disciplinas/Eletronica_Digital/Deeds/circuito_02_DE10_Lite/Components.vhd Line: 151
    Info (12022): Found design unit 3: ClockScaler-behavioral File: C:/Projetos/Engenharia-de-Computacao/Disciplinas/Eletronica_Digital/Deeds/circuito_02_DE10_Lite/Components.vhd Line: 219
    Info (12022): Found design unit 4: AutoResetGen-behavioral File: C:/Projetos/Engenharia-de-Computacao/Disciplinas/Eletronica_Digital/Deeds/circuito_02_DE10_Lite/Components.vhd Line: 603
    Info (12022): Found design unit 5: SevenSegm_Decoder-behavioral File: C:/Projetos/Engenharia-de-Computacao/Disciplinas/Eletronica_Digital/Deeds/circuito_02_DE10_Lite/Components.vhd Line: 657
    Info (12023): Found entity 1: ROM64x8C001 File: C:/Projetos/Engenharia-de-Computacao/Disciplinas/Eletronica_Digital/Deeds/circuito_02_DE10_Lite/Components.vhd Line: 19
    Info (12023): Found entity 2: CounterUDE8 File: C:/Projetos/Engenharia-de-Computacao/Disciplinas/Eletronica_Digital/Deeds/circuito_02_DE10_Lite/Components.vhd Line: 134
    Info (12023): Found entity 3: ClockScaler File: C:/Projetos/Engenharia-de-Computacao/Disciplinas/Eletronica_Digital/Deeds/circuito_02_DE10_Lite/Components.vhd Line: 200
    Info (12023): Found entity 4: AutoResetGen File: C:/Projetos/Engenharia-de-Computacao/Disciplinas/Eletronica_Digital/Deeds/circuito_02_DE10_Lite/Components.vhd Line: 595
    Info (12023): Found entity 5: SevenSegm_Decoder File: C:/Projetos/Engenharia-de-Computacao/Disciplinas/Eletronica_Digital/Deeds/circuito_02_DE10_Lite/Components.vhd Line: 642
Info (12021): Found 2 design units, including 1 entities, in source file circuito_02.vhd
    Info (12022): Found design unit 1: circuito_02-structural File: C:/Projetos/Engenharia-de-Computacao/Disciplinas/Eletronica_Digital/Deeds/circuito_02_DE10_Lite/circuito_02.vhd Line: 95
    Info (12023): Found entity 1: circuito_02 File: C:/Projetos/Engenharia-de-Computacao/Disciplinas/Eletronica_Digital/Deeds/circuito_02_DE10_Lite/circuito_02.vhd Line: 19
Info (12127): Elaborating entity "circuito_02" for the top level hierarchy
Warning (10036): Verilog HDL or VHDL warning at circuito_02.vhd(193): object "ncp5_C002" assigned a value but never read File: C:/Projetos/Engenharia-de-Computacao/Disciplinas/Eletronica_Digital/Deeds/circuito_02_DE10_Lite/circuito_02.vhd Line: 193
Warning (10036): Verilog HDL or VHDL warning at circuito_02.vhd(194): object "ncp6_C002" assigned a value but never read File: C:/Projetos/Engenharia-de-Computacao/Disciplinas/Eletronica_Digital/Deeds/circuito_02_DE10_Lite/circuito_02.vhd Line: 194
Warning (10036): Verilog HDL or VHDL warning at circuito_02.vhd(195): object "ncp13_C002" assigned a value but never read File: C:/Projetos/Engenharia-de-Computacao/Disciplinas/Eletronica_Digital/Deeds/circuito_02_DE10_Lite/circuito_02.vhd Line: 195
Warning (10036): Verilog HDL or VHDL warning at circuito_02.vhd(196): object "ncp3_C016" assigned a value but never read File: C:/Projetos/Engenharia-de-Computacao/Disciplinas/Eletronica_Digital/Deeds/circuito_02_DE10_Lite/circuito_02.vhd Line: 196
Warning (10036): Verilog HDL or VHDL warning at circuito_02.vhd(200): object "iID0003_LED_NotCon" assigned a value but never read File: C:/Projetos/Engenharia-de-Computacao/Disciplinas/Eletronica_Digital/Deeds/circuito_02_DE10_Lite/circuito_02.vhd Line: 200
Info (12128): Elaborating entity "ClockScaler" for hierarchy "ClockScaler:ClockScaler_iID0003" File: C:/Projetos/Engenharia-de-Computacao/Disciplinas/Eletronica_Digital/Deeds/circuito_02_DE10_Lite/circuito_02.vhd Line: 278
Warning (10492): VHDL Process Statement warning at Components.vhd(264): signal "nAutoReset" is read inside the Process Statement but isn't in the Process Statement's sensitivity list File: C:/Projetos/Engenharia-de-Computacao/Disciplinas/Eletronica_Digital/Deeds/circuito_02_DE10_Lite/Components.vhd Line: 264
Warning (10631): VHDL Process Statement warning at Components.vhd(332): inferring latch(es) for signal or variable "aCntMod", which holds its previous value in one or more paths through the process File: C:/Projetos/Engenharia-de-Computacao/Disciplinas/Eletronica_Digital/Deeds/circuito_02_DE10_Lite/Components.vhd Line: 332
Warning (10631): VHDL Process Statement warning at Components.vhd(332): inferring latch(es) for signal or variable "aCntMid", which holds its previous value in one or more paths through the process File: C:/Projetos/Engenharia-de-Computacao/Disciplinas/Eletronica_Digital/Deeds/circuito_02_DE10_Lite/Components.vhd Line: 332
Warning (10492): VHDL Process Statement warning at Components.vhd(460): signal "aCntMod" is read inside the Process Statement but isn't in the Process Statement's sensitivity list File: C:/Projetos/Engenharia-de-Computacao/Disciplinas/Eletronica_Digital/Deeds/circuito_02_DE10_Lite/Components.vhd Line: 460
Info (10041): Inferred latch for "aCntMid[0]" at Components.vhd(332) File: C:/Projetos/Engenharia-de-Computacao/Disciplinas/Eletronica_Digital/Deeds/circuito_02_DE10_Lite/Components.vhd Line: 332
Info (10041): Inferred latch for "aCntMid[1]" at Components.vhd(332) File: C:/Projetos/Engenharia-de-Computacao/Disciplinas/Eletronica_Digital/Deeds/circuito_02_DE10_Lite/Components.vhd Line: 332
Info (10041): Inferred latch for "aCntMid[2]" at Components.vhd(332) File: C:/Projetos/Engenharia-de-Computacao/Disciplinas/Eletronica_Digital/Deeds/circuito_02_DE10_Lite/Components.vhd Line: 332
Info (10041): Inferred latch for "aCntMid[3]" at Components.vhd(332) File: C:/Projetos/Engenharia-de-Computacao/Disciplinas/Eletronica_Digital/Deeds/circuito_02_DE10_Lite/Components.vhd Line: 332
Info (10041): Inferred latch for "aCntMid[4]" at Components.vhd(332) File: C:/Projetos/Engenharia-de-Computacao/Disciplinas/Eletronica_Digital/Deeds/circuito_02_DE10_Lite/Components.vhd Line: 332
Info (10041): Inferred latch for "aCntMid[5]" at Components.vhd(332) File: C:/Projetos/Engenharia-de-Computacao/Disciplinas/Eletronica_Digital/Deeds/circuito_02_DE10_Lite/Components.vhd Line: 332
Info (10041): Inferred latch for "aCntMid[6]" at Components.vhd(332) File: C:/Projetos/Engenharia-de-Computacao/Disciplinas/Eletronica_Digital/Deeds/circuito_02_DE10_Lite/Components.vhd Line: 332
Info (10041): Inferred latch for "aCntMid[7]" at Components.vhd(332) File: C:/Projetos/Engenharia-de-Computacao/Disciplinas/Eletronica_Digital/Deeds/circuito_02_DE10_Lite/Components.vhd Line: 332
Info (10041): Inferred latch for "aCntMid[8]" at Components.vhd(332) File: C:/Projetos/Engenharia-de-Computacao/Disciplinas/Eletronica_Digital/Deeds/circuito_02_DE10_Lite/Components.vhd Line: 332
Info (10041): Inferred latch for "aCntMid[9]" at Components.vhd(332) File: C:/Projetos/Engenharia-de-Computacao/Disciplinas/Eletronica_Digital/Deeds/circuito_02_DE10_Lite/Components.vhd Line: 332
Info (10041): Inferred latch for "aCntMid[10]" at Components.vhd(332) File: C:/Projetos/Engenharia-de-Computacao/Disciplinas/Eletronica_Digital/Deeds/circuito_02_DE10_Lite/Components.vhd Line: 332
Info (10041): Inferred latch for "aCntMid[11]" at Components.vhd(332) File: C:/Projetos/Engenharia-de-Computacao/Disciplinas/Eletronica_Digital/Deeds/circuito_02_DE10_Lite/Components.vhd Line: 332
Info (10041): Inferred latch for "aCntMid[12]" at Components.vhd(332) File: C:/Projetos/Engenharia-de-Computacao/Disciplinas/Eletronica_Digital/Deeds/circuito_02_DE10_Lite/Components.vhd Line: 332
Info (10041): Inferred latch for "aCntMid[13]" at Components.vhd(332) File: C:/Projetos/Engenharia-de-Computacao/Disciplinas/Eletronica_Digital/Deeds/circuito_02_DE10_Lite/Components.vhd Line: 332
Info (10041): Inferred latch for "aCntMid[14]" at Components.vhd(332) File: C:/Projetos/Engenharia-de-Computacao/Disciplinas/Eletronica_Digital/Deeds/circuito_02_DE10_Lite/Components.vhd Line: 332
Info (10041): Inferred latch for "aCntMid[15]" at Components.vhd(332) File: C:/Projetos/Engenharia-de-Computacao/Disciplinas/Eletronica_Digital/Deeds/circuito_02_DE10_Lite/Components.vhd Line: 332
Info (10041): Inferred latch for "aCntMid[16]" at Components.vhd(332) File: C:/Projetos/Engenharia-de-Computacao/Disciplinas/Eletronica_Digital/Deeds/circuito_02_DE10_Lite/Components.vhd Line: 332
Info (10041): Inferred latch for "aCntMid[17]" at Components.vhd(332) File: C:/Projetos/Engenharia-de-Computacao/Disciplinas/Eletronica_Digital/Deeds/circuito_02_DE10_Lite/Components.vhd Line: 332
Info (10041): Inferred latch for "aCntMid[18]" at Components.vhd(332) File: C:/Projetos/Engenharia-de-Computacao/Disciplinas/Eletronica_Digital/Deeds/circuito_02_DE10_Lite/Components.vhd Line: 332
Info (10041): Inferred latch for "aCntMid[19]" at Components.vhd(332) File: C:/Projetos/Engenharia-de-Computacao/Disciplinas/Eletronica_Digital/Deeds/circuito_02_DE10_Lite/Components.vhd Line: 332
Info (10041): Inferred latch for "aCntMid[20]" at Components.vhd(332) File: C:/Projetos/Engenharia-de-Computacao/Disciplinas/Eletronica_Digital/Deeds/circuito_02_DE10_Lite/Components.vhd Line: 332
Info (10041): Inferred latch for "aCntMid[21]" at Components.vhd(332) File: C:/Projetos/Engenharia-de-Computacao/Disciplinas/Eletronica_Digital/Deeds/circuito_02_DE10_Lite/Components.vhd Line: 332
Info (10041): Inferred latch for "aCntMid[22]" at Components.vhd(332) File: C:/Projetos/Engenharia-de-Computacao/Disciplinas/Eletronica_Digital/Deeds/circuito_02_DE10_Lite/Components.vhd Line: 332
Info (10041): Inferred latch for "aCntMid[23]" at Components.vhd(332) File: C:/Projetos/Engenharia-de-Computacao/Disciplinas/Eletronica_Digital/Deeds/circuito_02_DE10_Lite/Components.vhd Line: 332
Info (10041): Inferred latch for "aCntMid[24]" at Components.vhd(332) File: C:/Projetos/Engenharia-de-Computacao/Disciplinas/Eletronica_Digital/Deeds/circuito_02_DE10_Lite/Components.vhd Line: 332
Info (10041): Inferred latch for "aCntMid[25]" at Components.vhd(332) File: C:/Projetos/Engenharia-de-Computacao/Disciplinas/Eletronica_Digital/Deeds/circuito_02_DE10_Lite/Components.vhd Line: 332
Info (10041): Inferred latch for "aCntMid[26]" at Components.vhd(332) File: C:/Projetos/Engenharia-de-Computacao/Disciplinas/Eletronica_Digital/Deeds/circuito_02_DE10_Lite/Components.vhd Line: 332
Info (10041): Inferred latch for "aCntMid[27]" at Components.vhd(332) File: C:/Projetos/Engenharia-de-Computacao/Disciplinas/Eletronica_Digital/Deeds/circuito_02_DE10_Lite/Components.vhd Line: 332
Info (10041): Inferred latch for "aCntMid[28]" at Components.vhd(332) File: C:/Projetos/Engenharia-de-Computacao/Disciplinas/Eletronica_Digital/Deeds/circuito_02_DE10_Lite/Components.vhd Line: 332
Info (10041): Inferred latch for "aCntMid[29]" at Components.vhd(332) File: C:/Projetos/Engenharia-de-Computacao/Disciplinas/Eletronica_Digital/Deeds/circuito_02_DE10_Lite/Components.vhd Line: 332
Info (10041): Inferred latch for "aCntMid[30]" at Components.vhd(332) File: C:/Projetos/Engenharia-de-Computacao/Disciplinas/Eletronica_Digital/Deeds/circuito_02_DE10_Lite/Components.vhd Line: 332
Info (10041): Inferred latch for "aCntMid[31]" at Components.vhd(332) File: C:/Projetos/Engenharia-de-Computacao/Disciplinas/Eletronica_Digital/Deeds/circuito_02_DE10_Lite/Components.vhd Line: 332
Info (10041): Inferred latch for "aCntMod[0]" at Components.vhd(332) File: C:/Projetos/Engenharia-de-Computacao/Disciplinas/Eletronica_Digital/Deeds/circuito_02_DE10_Lite/Components.vhd Line: 332
Info (10041): Inferred latch for "aCntMod[1]" at Components.vhd(332) File: C:/Projetos/Engenharia-de-Computacao/Disciplinas/Eletronica_Digital/Deeds/circuito_02_DE10_Lite/Components.vhd Line: 332
Info (10041): Inferred latch for "aCntMod[2]" at Components.vhd(332) File: C:/Projetos/Engenharia-de-Computacao/Disciplinas/Eletronica_Digital/Deeds/circuito_02_DE10_Lite/Components.vhd Line: 332
Info (10041): Inferred latch for "aCntMod[3]" at Components.vhd(332) File: C:/Projetos/Engenharia-de-Computacao/Disciplinas/Eletronica_Digital/Deeds/circuito_02_DE10_Lite/Components.vhd Line: 332
Info (10041): Inferred latch for "aCntMod[4]" at Components.vhd(332) File: C:/Projetos/Engenharia-de-Computacao/Disciplinas/Eletronica_Digital/Deeds/circuito_02_DE10_Lite/Components.vhd Line: 332
Info (10041): Inferred latch for "aCntMod[5]" at Components.vhd(332) File: C:/Projetos/Engenharia-de-Computacao/Disciplinas/Eletronica_Digital/Deeds/circuito_02_DE10_Lite/Components.vhd Line: 332
Info (10041): Inferred latch for "aCntMod[6]" at Components.vhd(332) File: C:/Projetos/Engenharia-de-Computacao/Disciplinas/Eletronica_Digital/Deeds/circuito_02_DE10_Lite/Components.vhd Line: 332
Info (10041): Inferred latch for "aCntMod[7]" at Components.vhd(332) File: C:/Projetos/Engenharia-de-Computacao/Disciplinas/Eletronica_Digital/Deeds/circuito_02_DE10_Lite/Components.vhd Line: 332
Info (10041): Inferred latch for "aCntMod[8]" at Components.vhd(332) File: C:/Projetos/Engenharia-de-Computacao/Disciplinas/Eletronica_Digital/Deeds/circuito_02_DE10_Lite/Components.vhd Line: 332
Info (10041): Inferred latch for "aCntMod[9]" at Components.vhd(332) File: C:/Projetos/Engenharia-de-Computacao/Disciplinas/Eletronica_Digital/Deeds/circuito_02_DE10_Lite/Components.vhd Line: 332
Info (10041): Inferred latch for "aCntMod[10]" at Components.vhd(332) File: C:/Projetos/Engenharia-de-Computacao/Disciplinas/Eletronica_Digital/Deeds/circuito_02_DE10_Lite/Components.vhd Line: 332
Info (10041): Inferred latch for "aCntMod[11]" at Components.vhd(332) File: C:/Projetos/Engenharia-de-Computacao/Disciplinas/Eletronica_Digital/Deeds/circuito_02_DE10_Lite/Components.vhd Line: 332
Info (10041): Inferred latch for "aCntMod[12]" at Components.vhd(332) File: C:/Projetos/Engenharia-de-Computacao/Disciplinas/Eletronica_Digital/Deeds/circuito_02_DE10_Lite/Components.vhd Line: 332
Info (10041): Inferred latch for "aCntMod[13]" at Components.vhd(332) File: C:/Projetos/Engenharia-de-Computacao/Disciplinas/Eletronica_Digital/Deeds/circuito_02_DE10_Lite/Components.vhd Line: 332
Info (10041): Inferred latch for "aCntMod[14]" at Components.vhd(332) File: C:/Projetos/Engenharia-de-Computacao/Disciplinas/Eletronica_Digital/Deeds/circuito_02_DE10_Lite/Components.vhd Line: 332
Info (10041): Inferred latch for "aCntMod[15]" at Components.vhd(332) File: C:/Projetos/Engenharia-de-Computacao/Disciplinas/Eletronica_Digital/Deeds/circuito_02_DE10_Lite/Components.vhd Line: 332
Info (10041): Inferred latch for "aCntMod[16]" at Components.vhd(332) File: C:/Projetos/Engenharia-de-Computacao/Disciplinas/Eletronica_Digital/Deeds/circuito_02_DE10_Lite/Components.vhd Line: 332
Info (10041): Inferred latch for "aCntMod[17]" at Components.vhd(332) File: C:/Projetos/Engenharia-de-Computacao/Disciplinas/Eletronica_Digital/Deeds/circuito_02_DE10_Lite/Components.vhd Line: 332
Info (10041): Inferred latch for "aCntMod[18]" at Components.vhd(332) File: C:/Projetos/Engenharia-de-Computacao/Disciplinas/Eletronica_Digital/Deeds/circuito_02_DE10_Lite/Components.vhd Line: 332
Info (10041): Inferred latch for "aCntMod[19]" at Components.vhd(332) File: C:/Projetos/Engenharia-de-Computacao/Disciplinas/Eletronica_Digital/Deeds/circuito_02_DE10_Lite/Components.vhd Line: 332
Info (10041): Inferred latch for "aCntMod[20]" at Components.vhd(332) File: C:/Projetos/Engenharia-de-Computacao/Disciplinas/Eletronica_Digital/Deeds/circuito_02_DE10_Lite/Components.vhd Line: 332
Info (10041): Inferred latch for "aCntMod[21]" at Components.vhd(332) File: C:/Projetos/Engenharia-de-Computacao/Disciplinas/Eletronica_Digital/Deeds/circuito_02_DE10_Lite/Components.vhd Line: 332
Info (10041): Inferred latch for "aCntMod[22]" at Components.vhd(332) File: C:/Projetos/Engenharia-de-Computacao/Disciplinas/Eletronica_Digital/Deeds/circuito_02_DE10_Lite/Components.vhd Line: 332
Info (10041): Inferred latch for "aCntMod[23]" at Components.vhd(332) File: C:/Projetos/Engenharia-de-Computacao/Disciplinas/Eletronica_Digital/Deeds/circuito_02_DE10_Lite/Components.vhd Line: 332
Info (10041): Inferred latch for "aCntMod[24]" at Components.vhd(332) File: C:/Projetos/Engenharia-de-Computacao/Disciplinas/Eletronica_Digital/Deeds/circuito_02_DE10_Lite/Components.vhd Line: 332
Info (10041): Inferred latch for "aCntMod[25]" at Components.vhd(332) File: C:/Projetos/Engenharia-de-Computacao/Disciplinas/Eletronica_Digital/Deeds/circuito_02_DE10_Lite/Components.vhd Line: 332
Info (10041): Inferred latch for "aCntMod[26]" at Components.vhd(332) File: C:/Projetos/Engenharia-de-Computacao/Disciplinas/Eletronica_Digital/Deeds/circuito_02_DE10_Lite/Components.vhd Line: 332
Info (10041): Inferred latch for "aCntMod[27]" at Components.vhd(332) File: C:/Projetos/Engenharia-de-Computacao/Disciplinas/Eletronica_Digital/Deeds/circuito_02_DE10_Lite/Components.vhd Line: 332
Info (10041): Inferred latch for "aCntMod[28]" at Components.vhd(332) File: C:/Projetos/Engenharia-de-Computacao/Disciplinas/Eletronica_Digital/Deeds/circuito_02_DE10_Lite/Components.vhd Line: 332
Info (10041): Inferred latch for "aCntMod[29]" at Components.vhd(332) File: C:/Projetos/Engenharia-de-Computacao/Disciplinas/Eletronica_Digital/Deeds/circuito_02_DE10_Lite/Components.vhd Line: 332
Info (10041): Inferred latch for "aCntMod[30]" at Components.vhd(332) File: C:/Projetos/Engenharia-de-Computacao/Disciplinas/Eletronica_Digital/Deeds/circuito_02_DE10_Lite/Components.vhd Line: 332
Info (10041): Inferred latch for "aCntMod[31]" at Components.vhd(332) File: C:/Projetos/Engenharia-de-Computacao/Disciplinas/Eletronica_Digital/Deeds/circuito_02_DE10_Lite/Components.vhd Line: 332
Info (12128): Elaborating entity "AutoResetGen" for hierarchy "AutoResetGen:AutoResetGen_inReset" File: C:/Projetos/Engenharia-de-Computacao/Disciplinas/Eletronica_Digital/Deeds/circuito_02_DE10_Lite/circuito_02.vhd Line: 282
Warning (10492): VHDL Process Statement warning at Components.vhd(626): signal "FFR" is read inside the Process Statement but isn't in the Process Statement's sensitivity list File: C:/Projetos/Engenharia-de-Computacao/Disciplinas/Eletronica_Digital/Deeds/circuito_02_DE10_Lite/Components.vhd Line: 626
Info (12128): Elaborating entity "SevenSegm_Decoder" for hierarchy "SevenSegm_Decoder:SevenSegm_Decoder_oID0026_L" File: C:/Projetos/Engenharia-de-Computacao/Disciplinas/Eletronica_Digital/Deeds/circuito_02_DE10_Lite/circuito_02.vhd Line: 285
Info (12128): Elaborating entity "ROM64x8C001" for hierarchy "ROM64x8C001:C001" File: C:/Projetos/Engenharia-de-Computacao/Disciplinas/Eletronica_Digital/Deeds/circuito_02_DE10_Lite/circuito_02.vhd Line: 293
Info (12128): Elaborating entity "CounterUDE8" for hierarchy "CounterUDE8:C002" File: C:/Projetos/Engenharia-de-Computacao/Disciplinas/Eletronica_Digital/Deeds/circuito_02_DE10_Lite/circuito_02.vhd Line: 296
Warning (14026): LATCH primitive "ClockScaler:ClockScaler_iID0003|aCntMid[2]" is permanently enabled File: C:/Projetos/Engenharia-de-Computacao/Disciplinas/Eletronica_Digital/Deeds/circuito_02_DE10_Lite/Components.vhd Line: 332
Warning (14026): LATCH primitive "ClockScaler:ClockScaler_iID0003|aCntMid[3]" is permanently enabled File: C:/Projetos/Engenharia-de-Computacao/Disciplinas/Eletronica_Digital/Deeds/circuito_02_DE10_Lite/Components.vhd Line: 332
Warning (14026): LATCH primitive "ClockScaler:ClockScaler_iID0003|aCntMid[5]" is permanently enabled File: C:/Projetos/Engenharia-de-Computacao/Disciplinas/Eletronica_Digital/Deeds/circuito_02_DE10_Lite/Components.vhd Line: 332
Warning (14026): LATCH primitive "ClockScaler:ClockScaler_iID0003|aCntMid[6]" is permanently enabled File: C:/Projetos/Engenharia-de-Computacao/Disciplinas/Eletronica_Digital/Deeds/circuito_02_DE10_Lite/Components.vhd Line: 332
Warning (14026): LATCH primitive "ClockScaler:ClockScaler_iID0003|aCntMid[7]" is permanently enabled File: C:/Projetos/Engenharia-de-Computacao/Disciplinas/Eletronica_Digital/Deeds/circuito_02_DE10_Lite/Components.vhd Line: 332
Warning (14026): LATCH primitive "ClockScaler:ClockScaler_iID0003|aCntMid[8]" is permanently enabled File: C:/Projetos/Engenharia-de-Computacao/Disciplinas/Eletronica_Digital/Deeds/circuito_02_DE10_Lite/Components.vhd Line: 332
Warning (14026): LATCH primitive "ClockScaler:ClockScaler_iID0003|aCntMid[9]" is permanently enabled File: C:/Projetos/Engenharia-de-Computacao/Disciplinas/Eletronica_Digital/Deeds/circuito_02_DE10_Lite/Components.vhd Line: 332
Warning (14026): LATCH primitive "ClockScaler:ClockScaler_iID0003|aCntMid[10]" is permanently enabled File: C:/Projetos/Engenharia-de-Computacao/Disciplinas/Eletronica_Digital/Deeds/circuito_02_DE10_Lite/Components.vhd Line: 332
Warning (14026): LATCH primitive "ClockScaler:ClockScaler_iID0003|aCntMid[11]" is permanently enabled File: C:/Projetos/Engenharia-de-Computacao/Disciplinas/Eletronica_Digital/Deeds/circuito_02_DE10_Lite/Components.vhd Line: 332
Warning (14026): LATCH primitive "ClockScaler:ClockScaler_iID0003|aCntMid[12]" is permanently enabled File: C:/Projetos/Engenharia-de-Computacao/Disciplinas/Eletronica_Digital/Deeds/circuito_02_DE10_Lite/Components.vhd Line: 332
Warning (14026): LATCH primitive "ClockScaler:ClockScaler_iID0003|aCntMid[13]" is permanently enabled File: C:/Projetos/Engenharia-de-Computacao/Disciplinas/Eletronica_Digital/Deeds/circuito_02_DE10_Lite/Components.vhd Line: 332
Warning (14026): LATCH primitive "ClockScaler:ClockScaler_iID0003|aCntMid[14]" is permanently enabled File: C:/Projetos/Engenharia-de-Computacao/Disciplinas/Eletronica_Digital/Deeds/circuito_02_DE10_Lite/Components.vhd Line: 332
Warning (14026): LATCH primitive "ClockScaler:ClockScaler_iID0003|aCntMid[15]" is permanently enabled File: C:/Projetos/Engenharia-de-Computacao/Disciplinas/Eletronica_Digital/Deeds/circuito_02_DE10_Lite/Components.vhd Line: 332
Warning (14026): LATCH primitive "ClockScaler:ClockScaler_iID0003|aCntMid[16]" is permanently enabled File: C:/Projetos/Engenharia-de-Computacao/Disciplinas/Eletronica_Digital/Deeds/circuito_02_DE10_Lite/Components.vhd Line: 332
Warning (14026): LATCH primitive "ClockScaler:ClockScaler_iID0003|aCntMid[17]" is permanently enabled File: C:/Projetos/Engenharia-de-Computacao/Disciplinas/Eletronica_Digital/Deeds/circuito_02_DE10_Lite/Components.vhd Line: 332
Warning (14026): LATCH primitive "ClockScaler:ClockScaler_iID0003|aCntMid[18]" is permanently enabled File: C:/Projetos/Engenharia-de-Computacao/Disciplinas/Eletronica_Digital/Deeds/circuito_02_DE10_Lite/Components.vhd Line: 332
Warning (14026): LATCH primitive "ClockScaler:ClockScaler_iID0003|aCntMid[19]" is permanently enabled File: C:/Projetos/Engenharia-de-Computacao/Disciplinas/Eletronica_Digital/Deeds/circuito_02_DE10_Lite/Components.vhd Line: 332
Warning (14026): LATCH primitive "ClockScaler:ClockScaler_iID0003|aCntMid[20]" is permanently enabled File: C:/Projetos/Engenharia-de-Computacao/Disciplinas/Eletronica_Digital/Deeds/circuito_02_DE10_Lite/Components.vhd Line: 332
Warning (14026): LATCH primitive "ClockScaler:ClockScaler_iID0003|aCntMid[21]" is permanently enabled File: C:/Projetos/Engenharia-de-Computacao/Disciplinas/Eletronica_Digital/Deeds/circuito_02_DE10_Lite/Components.vhd Line: 332
Warning (14026): LATCH primitive "ClockScaler:ClockScaler_iID0003|aCntMid[22]" is permanently enabled File: C:/Projetos/Engenharia-de-Computacao/Disciplinas/Eletronica_Digital/Deeds/circuito_02_DE10_Lite/Components.vhd Line: 332
Warning (14026): LATCH primitive "ClockScaler:ClockScaler_iID0003|aCntMid[23]" is permanently enabled File: C:/Projetos/Engenharia-de-Computacao/Disciplinas/Eletronica_Digital/Deeds/circuito_02_DE10_Lite/Components.vhd Line: 332
Warning (14026): LATCH primitive "ClockScaler:ClockScaler_iID0003|aCntMid[24]" is permanently enabled File: C:/Projetos/Engenharia-de-Computacao/Disciplinas/Eletronica_Digital/Deeds/circuito_02_DE10_Lite/Components.vhd Line: 332
Warning (14026): LATCH primitive "ClockScaler:ClockScaler_iID0003|aCntMod[0]" is permanently enabled File: C:/Projetos/Engenharia-de-Computacao/Disciplinas/Eletronica_Digital/Deeds/circuito_02_DE10_Lite/Components.vhd Line: 332
Warning (14026): LATCH primitive "ClockScaler:ClockScaler_iID0003|aCntMod[1]" is permanently enabled File: C:/Projetos/Engenharia-de-Computacao/Disciplinas/Eletronica_Digital/Deeds/circuito_02_DE10_Lite/Components.vhd Line: 332
Warning (14026): LATCH primitive "ClockScaler:ClockScaler_iID0003|aCntMod[2]" is permanently enabled File: C:/Projetos/Engenharia-de-Computacao/Disciplinas/Eletronica_Digital/Deeds/circuito_02_DE10_Lite/Components.vhd Line: 332
Warning (14026): LATCH primitive "ClockScaler:ClockScaler_iID0003|aCntMod[3]" is permanently enabled File: C:/Projetos/Engenharia-de-Computacao/Disciplinas/Eletronica_Digital/Deeds/circuito_02_DE10_Lite/Components.vhd Line: 332
Warning (14026): LATCH primitive "ClockScaler:ClockScaler_iID0003|aCntMod[4]" is permanently enabled File: C:/Projetos/Engenharia-de-Computacao/Disciplinas/Eletronica_Digital/Deeds/circuito_02_DE10_Lite/Components.vhd Line: 332
Warning (14026): LATCH primitive "ClockScaler:ClockScaler_iID0003|aCntMod[5]" is permanently enabled File: C:/Projetos/Engenharia-de-Computacao/Disciplinas/Eletronica_Digital/Deeds/circuito_02_DE10_Lite/Components.vhd Line: 332
Warning (14026): LATCH primitive "ClockScaler:ClockScaler_iID0003|aCntMod[6]" is permanently enabled File: C:/Projetos/Engenharia-de-Computacao/Disciplinas/Eletronica_Digital/Deeds/circuito_02_DE10_Lite/Components.vhd Line: 332
Warning (14026): LATCH primitive "ClockScaler:ClockScaler_iID0003|aCntMod[8]" is permanently enabled File: C:/Projetos/Engenharia-de-Computacao/Disciplinas/Eletronica_Digital/Deeds/circuito_02_DE10_Lite/Components.vhd Line: 332
Warning (14026): LATCH primitive "ClockScaler:ClockScaler_iID0003|aCntMod[11]" is permanently enabled File: C:/Projetos/Engenharia-de-Computacao/Disciplinas/Eletronica_Digital/Deeds/circuito_02_DE10_Lite/Components.vhd Line: 332
Warning (14026): LATCH primitive "ClockScaler:ClockScaler_iID0003|aCntMod[12]" is permanently enabled File: C:/Projetos/Engenharia-de-Computacao/Disciplinas/Eletronica_Digital/Deeds/circuito_02_DE10_Lite/Components.vhd Line: 332
Warning (14026): LATCH primitive "ClockScaler:ClockScaler_iID0003|aCntMod[14]" is permanently enabled File: C:/Projetos/Engenharia-de-Computacao/Disciplinas/Eletronica_Digital/Deeds/circuito_02_DE10_Lite/Components.vhd Line: 332
Warning (14026): LATCH primitive "ClockScaler:ClockScaler_iID0003|aCntMod[15]" is permanently enabled File: C:/Projetos/Engenharia-de-Computacao/Disciplinas/Eletronica_Digital/Deeds/circuito_02_DE10_Lite/Components.vhd Line: 332
Warning (14026): LATCH primitive "ClockScaler:ClockScaler_iID0003|aCntMod[17]" is permanently enabled File: C:/Projetos/Engenharia-de-Computacao/Disciplinas/Eletronica_Digital/Deeds/circuito_02_DE10_Lite/Components.vhd Line: 332
Warning (14026): LATCH primitive "ClockScaler:ClockScaler_iID0003|aCntMod[19]" is permanently enabled File: C:/Projetos/Engenharia-de-Computacao/Disciplinas/Eletronica_Digital/Deeds/circuito_02_DE10_Lite/Components.vhd Line: 332
Warning (14026): LATCH primitive "ClockScaler:ClockScaler_iID0003|aCntMod[20]" is permanently enabled File: C:/Projetos/Engenharia-de-Computacao/Disciplinas/Eletronica_Digital/Deeds/circuito_02_DE10_Lite/Components.vhd Line: 332
Warning (14026): LATCH primitive "ClockScaler:ClockScaler_iID0003|aCntMod[21]" is permanently enabled File: C:/Projetos/Engenharia-de-Computacao/Disciplinas/Eletronica_Digital/Deeds/circuito_02_DE10_Lite/Components.vhd Line: 332
Warning (14026): LATCH primitive "ClockScaler:ClockScaler_iID0003|aCntMod[22]" is permanently enabled File: C:/Projetos/Engenharia-de-Computacao/Disciplinas/Eletronica_Digital/Deeds/circuito_02_DE10_Lite/Components.vhd Line: 332
Warning (14026): LATCH primitive "ClockScaler:ClockScaler_iID0003|aCntMod[24]" is permanently enabled File: C:/Projetos/Engenharia-de-Computacao/Disciplinas/Eletronica_Digital/Deeds/circuito_02_DE10_Lite/Components.vhd Line: 332
Warning (14026): LATCH primitive "ClockScaler:ClockScaler_iID0003|aCntMid[4]" is permanently enabled File: C:/Projetos/Engenharia-de-Computacao/Disciplinas/Eletronica_Digital/Deeds/circuito_02_DE10_Lite/Components.vhd Line: 332
Info (13000): Registers with preset signals will power-up high File: C:/Projetos/Engenharia-de-Computacao/Disciplinas/Eletronica_Digital/Deeds/circuito_02_DE10_Lite/Components.vhd Line: 233
Info (13003): DEV_CLRn pin will set, and not reset, register with preset signal due to NOT Gate Push-Back
Warning (13004): Presettable and clearable registers converted to equivalent circuits with latches. Registers power-up to an undefined state, and DEVCLRn places the registers in an undefined state.
    Warning (13310): Register "ClockScaler:ClockScaler_iID0003|aCount[24]" is converted into an equivalent circuit using register "ClockScaler:ClockScaler_iID0003|aCount[24]~_emulated" and latch "ClockScaler:ClockScaler_iID0003|aCount[24]~1" File: C:/Projetos/Engenharia-de-Computacao/Disciplinas/Eletronica_Digital/Deeds/circuito_02_DE10_Lite/Components.vhd Line: 459
    Warning (13310): Register "ClockScaler:ClockScaler_iID0003|aCount[22]" is converted into an equivalent circuit using register "ClockScaler:ClockScaler_iID0003|aCount[22]~_emulated" and latch "ClockScaler:ClockScaler_iID0003|aCount[24]~1" File: C:/Projetos/Engenharia-de-Computacao/Disciplinas/Eletronica_Digital/Deeds/circuito_02_DE10_Lite/Components.vhd Line: 459
    Warning (13310): Register "ClockScaler:ClockScaler_iID0003|aCount[21]" is converted into an equivalent circuit using register "ClockScaler:ClockScaler_iID0003|aCount[21]~_emulated" and latch "ClockScaler:ClockScaler_iID0003|aCount[24]~1" File: C:/Projetos/Engenharia-de-Computacao/Disciplinas/Eletronica_Digital/Deeds/circuito_02_DE10_Lite/Components.vhd Line: 459
    Warning (13310): Register "ClockScaler:ClockScaler_iID0003|aCount[20]" is converted into an equivalent circuit using register "ClockScaler:ClockScaler_iID0003|aCount[20]~_emulated" and latch "ClockScaler:ClockScaler_iID0003|aCount[24]~1" File: C:/Projetos/Engenharia-de-Computacao/Disciplinas/Eletronica_Digital/Deeds/circuito_02_DE10_Lite/Components.vhd Line: 459
    Warning (13310): Register "ClockScaler:ClockScaler_iID0003|aCount[19]" is converted into an equivalent circuit using register "ClockScaler:ClockScaler_iID0003|aCount[19]~_emulated" and latch "ClockScaler:ClockScaler_iID0003|aCount[24]~1" File: C:/Projetos/Engenharia-de-Computacao/Disciplinas/Eletronica_Digital/Deeds/circuito_02_DE10_Lite/Components.vhd Line: 459
    Warning (13310): Register "ClockScaler:ClockScaler_iID0003|aCount[17]" is converted into an equivalent circuit using register "ClockScaler:ClockScaler_iID0003|aCount[17]~_emulated" and latch "ClockScaler:ClockScaler_iID0003|aCount[17]~13" File: C:/Projetos/Engenharia-de-Computacao/Disciplinas/Eletronica_Digital/Deeds/circuito_02_DE10_Lite/Components.vhd Line: 459
    Warning (13310): Register "ClockScaler:ClockScaler_iID0003|aCount[15]" is converted into an equivalent circuit using register "ClockScaler:ClockScaler_iID0003|aCount[15]~_emulated" and latch "ClockScaler:ClockScaler_iID0003|aCount[17]~13" File: C:/Projetos/Engenharia-de-Computacao/Disciplinas/Eletronica_Digital/Deeds/circuito_02_DE10_Lite/Components.vhd Line: 459
    Warning (13310): Register "ClockScaler:ClockScaler_iID0003|aCount[14]" is converted into an equivalent circuit using register "ClockScaler:ClockScaler_iID0003|aCount[14]~_emulated" and latch "ClockScaler:ClockScaler_iID0003|aCount[24]~1" File: C:/Projetos/Engenharia-de-Computacao/Disciplinas/Eletronica_Digital/Deeds/circuito_02_DE10_Lite/Components.vhd Line: 459
    Warning (13310): Register "ClockScaler:ClockScaler_iID0003|aCount[12]" is converted into an equivalent circuit using register "ClockScaler:ClockScaler_iID0003|aCount[12]~_emulated" and latch "ClockScaler:ClockScaler_iID0003|aCount[24]~1" File: C:/Projetos/Engenharia-de-Computacao/Disciplinas/Eletronica_Digital/Deeds/circuito_02_DE10_Lite/Components.vhd Line: 459
    Warning (13310): Register "ClockScaler:ClockScaler_iID0003|aCount[11]" is converted into an equivalent circuit using register "ClockScaler:ClockScaler_iID0003|aCount[11]~_emulated" and latch "ClockScaler:ClockScaler_iID0003|aCount[24]~1" File: C:/Projetos/Engenharia-de-Computacao/Disciplinas/Eletronica_Digital/Deeds/circuito_02_DE10_Lite/Components.vhd Line: 459
    Warning (13310): Register "ClockScaler:ClockScaler_iID0003|aCount[8]" is converted into an equivalent circuit using register "ClockScaler:ClockScaler_iID0003|aCount[8]~_emulated" and latch "ClockScaler:ClockScaler_iID0003|aCount[17]~13" File: C:/Projetos/Engenharia-de-Computacao/Disciplinas/Eletronica_Digital/Deeds/circuito_02_DE10_Lite/Components.vhd Line: 459
    Warning (13310): Register "ClockScaler:ClockScaler_iID0003|aCount[5]" is converted into an equivalent circuit using register "ClockScaler:ClockScaler_iID0003|aCount[5]~_emulated" and latch "ClockScaler:ClockScaler_iID0003|aCount[24]~1" File: C:/Projetos/Engenharia-de-Computacao/Disciplinas/Eletronica_Digital/Deeds/circuito_02_DE10_Lite/Components.vhd Line: 459
Warning (13024): Output pins are stuck at VCC or GND
    Warning (13410): Pin "oPIN_A8" is stuck at GND File: C:/Projetos/Engenharia-de-Computacao/Disciplinas/Eletronica_Digital/Deeds/circuito_02_DE10_Lite/circuito_02.vhd Line: 48
    Warning (13410): Pin "oPIN_A9" is stuck at GND File: C:/Projetos/Engenharia-de-Computacao/Disciplinas/Eletronica_Digital/Deeds/circuito_02_DE10_Lite/circuito_02.vhd Line: 49
    Warning (13410): Pin "oPIN_A10" is stuck at GND File: C:/Projetos/Engenharia-de-Computacao/Disciplinas/Eletronica_Digital/Deeds/circuito_02_DE10_Lite/circuito_02.vhd Line: 50
    Warning (13410): Pin "oPIN_B10" is stuck at GND File: C:/Projetos/Engenharia-de-Computacao/Disciplinas/Eletronica_Digital/Deeds/circuito_02_DE10_Lite/circuito_02.vhd Line: 51
    Warning (13410): Pin "oPIN_D13" is stuck at GND File: C:/Projetos/Engenharia-de-Computacao/Disciplinas/Eletronica_Digital/Deeds/circuito_02_DE10_Lite/circuito_02.vhd Line: 52
    Warning (13410): Pin "oPIN_C13" is stuck at GND File: C:/Projetos/Engenharia-de-Computacao/Disciplinas/Eletronica_Digital/Deeds/circuito_02_DE10_Lite/circuito_02.vhd Line: 53
    Warning (13410): Pin "oPIN_E14" is stuck at GND File: C:/Projetos/Engenharia-de-Computacao/Disciplinas/Eletronica_Digital/Deeds/circuito_02_DE10_Lite/circuito_02.vhd Line: 54
    Warning (13410): Pin "oPIN_D14" is stuck at GND File: C:/Projetos/Engenharia-de-Computacao/Disciplinas/Eletronica_Digital/Deeds/circuito_02_DE10_Lite/circuito_02.vhd Line: 55
    Warning (13410): Pin "oPIN_A11" is stuck at GND File: C:/Projetos/Engenharia-de-Computacao/Disciplinas/Eletronica_Digital/Deeds/circuito_02_DE10_Lite/circuito_02.vhd Line: 56
    Warning (13410): Pin "oPIN_B11" is stuck at GND File: C:/Projetos/Engenharia-de-Computacao/Disciplinas/Eletronica_Digital/Deeds/circuito_02_DE10_Lite/circuito_02.vhd Line: 57
    Warning (13410): Pin "oPIN_B20" is stuck at VCC File: C:/Projetos/Engenharia-de-Computacao/Disciplinas/Eletronica_Digital/Deeds/circuito_02_DE10_Lite/circuito_02.vhd Line: 58
    Warning (13410): Pin "oPIN_A20" is stuck at VCC File: C:/Projetos/Engenharia-de-Computacao/Disciplinas/Eletronica_Digital/Deeds/circuito_02_DE10_Lite/circuito_02.vhd Line: 59
    Warning (13410): Pin "oPIN_B19" is stuck at VCC File: C:/Projetos/Engenharia-de-Computacao/Disciplinas/Eletronica_Digital/Deeds/circuito_02_DE10_Lite/circuito_02.vhd Line: 60
    Warning (13410): Pin "oPIN_A21" is stuck at VCC File: C:/Projetos/Engenharia-de-Computacao/Disciplinas/Eletronica_Digital/Deeds/circuito_02_DE10_Lite/circuito_02.vhd Line: 61
    Warning (13410): Pin "oPIN_B21" is stuck at VCC File: C:/Projetos/Engenharia-de-Computacao/Disciplinas/Eletronica_Digital/Deeds/circuito_02_DE10_Lite/circuito_02.vhd Line: 62
    Warning (13410): Pin "oPIN_C22" is stuck at VCC File: C:/Projetos/Engenharia-de-Computacao/Disciplinas/Eletronica_Digital/Deeds/circuito_02_DE10_Lite/circuito_02.vhd Line: 63
    Warning (13410): Pin "oPIN_B22" is stuck at VCC File: C:/Projetos/Engenharia-de-Computacao/Disciplinas/Eletronica_Digital/Deeds/circuito_02_DE10_Lite/circuito_02.vhd Line: 64
    Warning (13410): Pin "oPIN_A19" is stuck at VCC File: C:/Projetos/Engenharia-de-Computacao/Disciplinas/Eletronica_Digital/Deeds/circuito_02_DE10_Lite/circuito_02.vhd Line: 65
    Warning (13410): Pin "oPIN_F21" is stuck at VCC File: C:/Projetos/Engenharia-de-Computacao/Disciplinas/Eletronica_Digital/Deeds/circuito_02_DE10_Lite/circuito_02.vhd Line: 66
    Warning (13410): Pin "oPIN_E22" is stuck at VCC File: C:/Projetos/Engenharia-de-Computacao/Disciplinas/Eletronica_Digital/Deeds/circuito_02_DE10_Lite/circuito_02.vhd Line: 67
    Warning (13410): Pin "oPIN_E21" is stuck at VCC File: C:/Projetos/Engenharia-de-Computacao/Disciplinas/Eletronica_Digital/Deeds/circuito_02_DE10_Lite/circuito_02.vhd Line: 68
    Warning (13410): Pin "oPIN_C19" is stuck at VCC File: C:/Projetos/Engenharia-de-Computacao/Disciplinas/Eletronica_Digital/Deeds/circuito_02_DE10_Lite/circuito_02.vhd Line: 69
    Warning (13410): Pin "oPIN_C20" is stuck at VCC File: C:/Projetos/Engenharia-de-Computacao/Disciplinas/Eletronica_Digital/Deeds/circuito_02_DE10_Lite/circuito_02.vhd Line: 70
    Warning (13410): Pin "oPIN_D19" is stuck at VCC File: C:/Projetos/Engenharia-de-Computacao/Disciplinas/Eletronica_Digital/Deeds/circuito_02_DE10_Lite/circuito_02.vhd Line: 71
    Warning (13410): Pin "oPIN_E17" is stuck at VCC File: C:/Projetos/Engenharia-de-Computacao/Disciplinas/Eletronica_Digital/Deeds/circuito_02_DE10_Lite/circuito_02.vhd Line: 72
    Warning (13410): Pin "oPIN_D22" is stuck at VCC File: C:/Projetos/Engenharia-de-Computacao/Disciplinas/Eletronica_Digital/Deeds/circuito_02_DE10_Lite/circuito_02.vhd Line: 73
    Warning (13410): Pin "oPIN_F18" is stuck at VCC File: C:/Projetos/Engenharia-de-Computacao/Disciplinas/Eletronica_Digital/Deeds/circuito_02_DE10_Lite/circuito_02.vhd Line: 74
    Warning (13410): Pin "oPIN_E20" is stuck at VCC File: C:/Projetos/Engenharia-de-Computacao/Disciplinas/Eletronica_Digital/Deeds/circuito_02_DE10_Lite/circuito_02.vhd Line: 75
    Warning (13410): Pin "oPIN_E19" is stuck at VCC File: C:/Projetos/Engenharia-de-Computacao/Disciplinas/Eletronica_Digital/Deeds/circuito_02_DE10_Lite/circuito_02.vhd Line: 76
    Warning (13410): Pin "oPIN_J18" is stuck at VCC File: C:/Projetos/Engenharia-de-Computacao/Disciplinas/Eletronica_Digital/Deeds/circuito_02_DE10_Lite/circuito_02.vhd Line: 77
    Warning (13410): Pin "oPIN_H19" is stuck at VCC File: C:/Projetos/Engenharia-de-Computacao/Disciplinas/Eletronica_Digital/Deeds/circuito_02_DE10_Lite/circuito_02.vhd Line: 78
    Warning (13410): Pin "oPIN_F19" is stuck at VCC File: C:/Projetos/Engenharia-de-Computacao/Disciplinas/Eletronica_Digital/Deeds/circuito_02_DE10_Lite/circuito_02.vhd Line: 79
    Warning (13410): Pin "oPIN_F20" is stuck at VCC File: C:/Projetos/Engenharia-de-Computacao/Disciplinas/Eletronica_Digital/Deeds/circuito_02_DE10_Lite/circuito_02.vhd Line: 80
    Warning (13410): Pin "oPIN_F17" is stuck at VCC File: C:/Projetos/Engenharia-de-Computacao/Disciplinas/Eletronica_Digital/Deeds/circuito_02_DE10_Lite/circuito_02.vhd Line: 81
    Warning (13410): Pin "oPIN_J20" is stuck at VCC File: C:/Projetos/Engenharia-de-Computacao/Disciplinas/Eletronica_Digital/Deeds/circuito_02_DE10_Lite/circuito_02.vhd Line: 82
    Warning (13410): Pin "oPIN_K20" is stuck at VCC File: C:/Projetos/Engenharia-de-Computacao/Disciplinas/Eletronica_Digital/Deeds/circuito_02_DE10_Lite/circuito_02.vhd Line: 83
    Warning (13410): Pin "oPIN_L18" is stuck at VCC File: C:/Projetos/Engenharia-de-Computacao/Disciplinas/Eletronica_Digital/Deeds/circuito_02_DE10_Lite/circuito_02.vhd Line: 84
    Warning (13410): Pin "oPIN_N18" is stuck at VCC File: C:/Projetos/Engenharia-de-Computacao/Disciplinas/Eletronica_Digital/Deeds/circuito_02_DE10_Lite/circuito_02.vhd Line: 85
    Warning (13410): Pin "oPIN_M20" is stuck at VCC File: C:/Projetos/Engenharia-de-Computacao/Disciplinas/Eletronica_Digital/Deeds/circuito_02_DE10_Lite/circuito_02.vhd Line: 86
    Warning (13410): Pin "oPIN_N19" is stuck at VCC File: C:/Projetos/Engenharia-de-Computacao/Disciplinas/Eletronica_Digital/Deeds/circuito_02_DE10_Lite/circuito_02.vhd Line: 87
    Warning (13410): Pin "oPIN_N20" is stuck at VCC File: C:/Projetos/Engenharia-de-Computacao/Disciplinas/Eletronica_Digital/Deeds/circuito_02_DE10_Lite/circuito_02.vhd Line: 88
    Warning (13410): Pin "oPIN_L19" is stuck at VCC File: C:/Projetos/Engenharia-de-Computacao/Disciplinas/Eletronica_Digital/Deeds/circuito_02_DE10_Lite/circuito_02.vhd Line: 89
Info (286030): Timing-Driven Synthesis is running
Info (17049): 16 registers lost all their fanouts during netlist optimizations.
Info (16010): Generating hard_block partition "hard_block:auto_generated_inst"
    Info (16011): Adding 0 node(s), including 0 DDIO, 0 PLL, 0 transceiver and 0 LCELL
Warning (21074): Design contains 1 input pin(s) that do not drive logic
    Warning (15610): No output dependent on input pin "iID0016_02" File: C:/Projetos/Engenharia-de-Computacao/Disciplinas/Eletronica_Digital/Deeds/circuito_02_DE10_Lite/circuito_02.vhd Line: 28
Info (21057): Implemented 356 device resources after synthesis - the final resource count might be different
    Info (21058): Implemented 6 input pins
    Info (21059): Implemented 56 output pins
    Info (21061): Implemented 294 logic cells
Info: Quartus Prime Analysis & Synthesis was successful. 0 errors, 110 warnings
    Info: Peak virtual memory: 4856 megabytes
    Info: Processing ended: Tue Jun 17 14:48:25 2025
    Info: Elapsed time: 00:00:11
    Info: Total CPU time (on all processors): 00:00:23


